p31000
fcwd
n/private/tmp/mc-s6-commit-supervisor-20261004/candidate/fusion-studio-client
ftxt
n/private/tmp/mc-s6-commit-supervisor-20261004/candidate/fusion-studio-client/node_modules/electron/dist/Electron.app/Contents/MacOS/Electron
ftxt
n/private/tmp/mc-s6-commit-supervisor-20261004/candidate/fusion-studio-client/node_modules/electron/dist/Electron.app/Contents/Frameworks/Squirrel.framework/Versions/A/Squirrel
ftxt
n/private/tmp/mc-s6-commit-supervisor-20261004/candidate/fusion-studio-client/node_modules/electron/dist/Electron.app/Contents/Frameworks/Mantle.framework/Versions/A/Mantle
ftxt
n/Library/Preferences/Logging/.plist-cache.E4ASMnfG
ftxt
n/private/tmp/mc-s6-commit-supervisor-20261004/candidate/fusion-studio-client/node_modules/electron/dist/Electron.app/Contents/Frameworks/ReactiveObjC.framework/Versions/A/ReactiveObjC
ftxt
n/private/tmp/mc-s6-commit-supervisor-20261004/candidate/fusion-studio-client/node_modules/electron/dist/Electron.app/Contents/Frameworks/Electron Framework.framework/Versions/A/Resources/v8_context_snapshot.arm64.bin
ftxt
n/usr/lib/dyld
ftxt
n/private/var/db/analyticsd/events.allowlist
ftxt
n/System/Library/CoreServices/SystemVersion.bundle/English.lproj/SystemVersion.strings
ftxt
n/private/var/db/timezone/tz/2026c.1.0/icutz/icutz44l.dat
ftxt
n/System/Library/CoreServices/SystemAppearance.bundle/Contents/Resources/SystemAppearance.car
ftxt
n/System/Library/CoreServices/SystemAppearance.bundle/Contents/Resources/FauxVibrantDark.car
ftxt
n/private/tmp/mc-s6-commit-supervisor-20261004/candidate/fusion-studio-client/node_modules/electron/dist/Electron.app/Contents/Frameworks/Electron Framework.framework/Versions/A/Libraries/libffmpeg.dylib
ftxt
n/System/Library/Frameworks/AppKit.framework/Versions/C/Resources/Common.loctable
ftxt
n/usr/lib/libobjc-trampolines.dylib
ftxt
n/private/tmp/mc-s6-commit-supervisor-20261004/candidate/fusion-studio-client/node_modules/electron/dist/Electron.app/Contents/Frameworks/Electron Framework.framework/Versions/A/Resources/chrome_100_percent.pak
ftxt
n/private/tmp/mc-s6-commit-supervisor-20261004/candidate/fusion-studio-client/node_modules/electron/dist/Electron.app/Contents/Frameworks/Electron Framework.framework/Versions/A/Resources/chrome_200_percent.pak
ftxt
n/private/tmp/mc-s6-commit-supervisor-20261004/candidate/fusion-studio-client/node_modules/electron/dist/Electron.app/Contents/Frameworks/Electron Framework.framework/Versions/A/Resources/en.lproj/locale.pak
ftxt
n/private/var/db/mds/messages/501/se_SecurityMessages
ftxt
n/System/Library/Frameworks/AppKit.framework/Versions/C/Resources/InputManager.loctable
ftxt
n/System/Library/Frameworks/AppKit.framework/Versions/C/Resources/MenuCommands.loctable
ftxt
n/System/Library/Keyboard Layouts/AppleKeyboardLayouts.bundle/Contents/Resources/AppleKeyboardLayouts-L.dat
ftxt
n/System/Library/Caches/com.apple.IntlDataCache.le.kbdx
ftxt
n/System/Library/Keyboard Layouts/AppleKeyboardLayouts.bundle/Contents/Resources/InfoPlist.loctable
ftxt
n/System/Library/Frameworks/AppKit.framework/Versions/C/Resources/DictationManager.loctable
ftxt
n/System/Library/Frameworks/AppKit.framework/Versions/C/Resources/WritingTools.loctable
ftxt
n/private/tmp/mc-s6-commit-supervisor-20261004/profile/DIPS
ftxt
n/private/tmp/mc-s6-commit-supervisor-20261004/profile/GPUCache/index
ftxt
n/private/tmp/mc-s6-commit-supervisor-20261004/profile/GPUCache/data_0
ftxt
n/private/tmp/mc-s6-commit-supervisor-20261004/profile/GPUCache/data_1
ftxt
n/private/tmp/mc-s6-commit-supervisor-20261004/profile/GPUCache/data_2
ftxt
n/private/tmp/mc-s6-commit-supervisor-20261004/profile/GPUCache/data_3
ftxt
n/private/tmp/mc-s6-commit-supervisor-20261004/profile/DawnWebGPUCache/index
ftxt
n/private/tmp/mc-s6-commit-supervisor-20261004/profile/DawnWebGPUCache/data_0
ftxt
n/private/tmp/mc-s6-commit-supervisor-20261004/profile/DawnWebGPUCache/data_1
ftxt
n/private/tmp/mc-s6-commit-supervisor-20261004/profile/DawnWebGPUCache/data_2
ftxt
n/private/tmp/mc-s6-commit-supervisor-20261004/profile/DawnWebGPUCache/data_3
ftxt
n/private/tmp/mc-s6-commit-supervisor-20261004/profile/DawnGraphiteCache/index
ftxt
n/private/tmp/mc-s6-commit-supervisor-20261004/profile/DawnGraphiteCache/data_0
ftxt
n/private/tmp/mc-s6-commit-supervisor-20261004/profile/DawnGraphiteCache/data_1
ftxt
n/private/tmp/mc-s6-commit-supervisor-20261004/profile/DawnGraphiteCache/data_2
ftxt
n/private/tmp/mc-s6-commit-supervisor-20261004/profile/DawnGraphiteCache/data_3
ftxt
n/usr/share/icu/icudt76l.dat
ftxt
n/private/tmp/mc-s6-commit-supervisor-20261004/candidate/fusion-studio-client/node_modules/electron/dist/Electron.app/Contents/Frameworks/Electron Framework.framework/Versions/A/Resources/icudtl.dat
ftxt
n/System/Library/CoreServices/SystemAppearance.bundle/Contents/Resources/DarkAqua.car
ftxt
n/System/Library/CoreServices/SystemAppearance.bundle/Contents/Resources/VibrantDark.car
ftxt
n/private/var/folders/ng/s9jvcvqs3sq9crldjc_5cvjh0000gn/0/com.apple.LaunchServices.dv/com.apple.LaunchServices-6291460-v2.csstore
ftxt
n/private/tmp/mc-s6-commit-supervisor-20261004/candidate/fusion-studio-client/node_modules/electron/dist/Electron.app/Contents/Frameworks/Electron Framework.framework/Versions/A/Resources/resources.pak
ftxt
n/System/Library/Fonts/Helvetica.ttc
ftxt
n/private/tmp/mc-s6-commit-supervisor-20261004/candidate/fusion-studio-client/node_modules/electron/dist/Electron.app/Contents/Frameworks/Electron Framework.framework/Versions/A/Electron Framework
ftxt
n/System/Library/PrivateFrameworks/SFSymbols.framework/Versions/A/Resources/CoreGlyphs.bundle/Contents/Resources/Assets.car
ftxt
n/System/Library/CoreServices/SystemAppearance.bundle/Contents/Resources/Aqua.car
ftxt
n/System/Library/Fonts/SFNS.ttf
ftxt
n/System/Library/Extensions/AGXMetalG16G_B0.bundle/Contents/Resources/ds.g16g
ftxt
n/System/Library/Extensions/AGXMetalG16G_B0.bundle/Contents/MacOS/AGXMetalG16G_B0
