
> fusion-studio-client@0.0.0 build
> npm run build:preload && tsc -b && vite build


> fusion-studio-client@0.0.0 build:preload
> node electron/build-preload.mjs

vite v7.3.1 building client environment for production...
transforming...
✓ 1957 modules transformed.
node_modules/gray-matter/lib/engines.js (43:13): Use of eval in "node_modules/gray-matter/lib/engines.js" is strongly discouraged as it poses security risks and may cause issues with minification.
rendering chunks...
[plugin vite:reporter] 
(!) /Users/rccurtrightjr./projects/fs-dev/fusion-studio-client/src/components/capture/CaptureTiles.tsx is dynamically imported by /Users/rccurtrightjr./projects/fs-dev/fusion-studio-client/src/components/view-tabs/captureViewTabAdapter.ts but also statically imported by /Users/rccurtrightjr./projects/fs-dev/fusion-studio-client/src/components/ContentArea.tsx, dynamic import will not move module into another chunk.

computing gzip size...
dist/index.html                                           0.68 kB │ gzip:     0.42 kB
dist/assets/KaTeX_Size3-Regular-CTq5MqoE.woff             4.42 kB
dist/assets/KaTeX_Size4-Regular-Dl5lxZxV.woff2            4.93 kB
dist/assets/KaTeX_Size2-Regular-Dy4dx90m.woff2            5.21 kB
dist/assets/KaTeX_Size1-Regular-mCD8mA8B.woff2            5.47 kB
dist/assets/KaTeX_Size4-Regular-BF-4gkZK.woff             5.98 kB
dist/assets/KaTeX_Size2-Regular-oD1tc_U0.woff             6.19 kB
dist/assets/KaTeX_Size1-Regular-C195tn64.woff             6.50 kB
dist/assets/KaTeX_Caligraphic-Regular-Di6jR-x-.woff2      6.91 kB
dist/assets/KaTeX_Caligraphic-Bold-Dq_IR9rO.woff2         6.91 kB
dist/assets/KaTeX_Size3-Regular-DgpXs0kz.ttf              7.59 kB
dist/assets/KaTeX_Caligraphic-Regular-CTRA-rTL.woff       7.66 kB
dist/assets/KaTeX_Caligraphic-Bold-BEiXGLvX.woff          7.72 kB
dist/assets/KaTeX_Script-Regular-D3wIWfF6.woff2           9.64 kB
dist/assets/KaTeX_SansSerif-Regular-DDBCnlJ7.woff2       10.34 kB
dist/assets/KaTeX_Size4-Regular-DWFBv043.ttf             10.36 kB
dist/assets/KaTeX_Script-Regular-D5yQViql.woff           10.59 kB
dist/assets/KaTeX_Fraktur-Regular-CTYiF6lA.woff2         11.32 kB
dist/assets/KaTeX_Fraktur-Bold-CL6g_b3V.woff2            11.35 kB
dist/assets/KaTeX_Size2-Regular-B7gKUWhC.ttf             11.51 kB
dist/assets/KaTeX_SansSerif-Italic-C3H0VqGB.woff2        12.03 kB
dist/assets/KaTeX_SansSerif-Bold-D1sUS0GD.woff2          12.22 kB
dist/assets/KaTeX_Size1-Regular-Dbsnue_I.ttf             12.23 kB
dist/assets/KaTeX_SansSerif-Regular-CS6fqUqJ.woff        12.32 kB
dist/assets/KaTeX_Caligraphic-Regular-wX97UBjC.ttf       12.34 kB
dist/assets/KaTeX_Caligraphic-Bold-ATXxdsX0.ttf          12.37 kB
dist/assets/KaTeX_Fraktur-Regular-Dxdc4cR9.woff          13.21 kB
dist/assets/KaTeX_Fraktur-Bold-BsDP51OF.woff             13.30 kB
dist/assets/KaTeX_Typewriter-Regular-CO6r4hn1.woff2      13.57 kB
dist/assets/KaTeX_SansSerif-Italic-DN2j7dab.woff         14.11 kB
dist/assets/KaTeX_SansSerif-Bold-DbIhKOiC.woff           14.41 kB
dist/assets/KaTeX_Typewriter-Regular-C0xS9mPB.woff       16.03 kB
dist/assets/KaTeX_Math-BoldItalic-CZnvNsCZ.woff2         16.40 kB
dist/assets/KaTeX_Math-Italic-t53AETM-.woff2             16.44 kB
dist/assets/KaTeX_Script-Regular-C5JkGWo-.ttf            16.65 kB
dist/assets/KaTeX_Main-BoldItalic-DxDJ3AOS.woff2         16.78 kB
dist/assets/KaTeX_Main-Italic-NWA7e6Wa.woff2             16.99 kB
dist/assets/KaTeX_Math-BoldItalic-iY-2wyZ7.woff          18.67 kB
dist/assets/KaTeX_Math-Italic-DA0__PXp.woff              18.75 kB
dist/assets/KaTeX_Main-BoldItalic-SpSLRI95.woff          19.41 kB
dist/assets/KaTeX_SansSerif-Regular-BNo7hRIc.ttf         19.44 kB
dist/assets/KaTeX_Fraktur-Regular-CB_wures.ttf           19.57 kB
dist/assets/KaTeX_Fraktur-Bold-BdnERNNW.ttf              19.58 kB
dist/assets/KaTeX_Main-Italic-BMLOBm91.woff              19.68 kB
dist/assets/KaTeX_SansSerif-Italic-YYjJ1zSn.ttf          22.36 kB
dist/assets/KaTeX_SansSerif-Bold-CFMepnvq.ttf            24.50 kB
dist/assets/KaTeX_Main-Bold-Cx986IdX.woff2               25.32 kB
dist/assets/KaTeX_Main-Regular-B22Nviop.woff2            26.27 kB
dist/assets/KaTeX_Typewriter-Regular-D3Ib7_Hf.ttf        27.56 kB
dist/assets/KaTeX_AMS-Regular-BQhdFMY1.woff2             28.08 kB
dist/assets/KaTeX_Main-Bold-Jm3AIy58.woff                29.91 kB
dist/assets/KaTeX_Main-Regular-Dr94JaBh.woff             30.77 kB
dist/assets/KaTeX_Math-BoldItalic-B3XSjfu4.ttf           31.20 kB
dist/assets/KaTeX_Math-Italic-flOr_0UB.ttf               31.31 kB
dist/assets/KaTeX_Main-BoldItalic-DzxPMmG6.ttf           32.97 kB
dist/assets/KaTeX_AMS-Regular-DMm9YOAa.woff              33.52 kB
dist/assets/KaTeX_Main-Italic-3WenGoN9.ttf               33.58 kB
dist/assets/KaTeX_Main-Bold-waoOVXN0.ttf                 51.34 kB
dist/assets/KaTeX_Main-Regular-ypZvNtVU.ttf              53.58 kB
dist/assets/KaTeX_AMS-Regular-DRggAlZN.ttf               63.63 kB
dist/assets/material-symbols-outlined-CqIkmgaP.woff2  3,960.04 kB
dist/assets/FilePickerDrawerLayer-CQODmtw5.css            0.22 kB │ gzip:     0.16 kB
dist/assets/FileDocumentPresenter-CflsNQo-.css            0.62 kB │ gzip:     0.25 kB
dist/assets/FileEmptyTabBody-Cxwzun_s.css                 0.65 kB │ gzip:     0.30 kB
dist/assets/MenuSurface-BrYLoXvx.css                      4.18 kB │ gzip:     1.09 kB
dist/assets/index-D-VGcjKx.css                          410.33 kB │ gzip:    64.93 kB
dist/assets/FilePickerDrawerLayer-Dibi_iZc.js             0.21 kB │ gzip:     0.18 kB
dist/assets/diff-DbItnlRl.js                              0.31 kB │ gzip:     0.24 kB
dist/assets/brainfuck-C4LP7Hcl.js                         0.61 kB │ gzip:     0.33 kB
dist/assets/properties-C78fOPTZ.js                        0.67 kB │ gzip:     0.34 kB
dist/assets/cmake-BQqOBYOt.js                             0.78 kB │ gzip:     0.46 kB
dist/assets/asciiarmor-Df11BRmG.js                        0.79 kB │ gzip:     0.40 kB
dist/assets/http-DBlCnlav.js                              0.85 kB │ gzip:     0.42 kB
dist/assets/protobuf-ChK-085T.js                          0.86 kB │ gzip:     0.52 kB
dist/assets/solr-DehyRSwq.js                              0.87 kB │ gzip:     0.45 kB
dist/assets/FileEmptyTabBody-2xnBUkZA.js                  0.92 kB │ gzip:     0.45 kB
dist/assets/troff-wAsdV37c.js                             0.96 kB │ gzip:     0.44 kB
dist/assets/spreadsheet-BCZA_wO0.js                       1.14 kB │ gzip:     0.54 kB
dist/assets/toml-Bm5Em-hy.js                              1.14 kB │ gzip:     0.54 kB
dist/assets/CaptureDocumentPresenter-Bej7sqr2.js          1.14 kB │ gzip:     0.67 kB
dist/assets/FileDocumentPresenter-Co1Yziq4.js             1.35 kB │ gzip:     0.66 kB
dist/assets/mbox-CNhZ1qSd.js                              1.40 kB │ gzip:     0.65 kB
dist/assets/sieve-C3Gn_uJK.js                             1.62 kB │ gzip:     0.77 kB
dist/assets/rpm-CTu-6PCP.js                               1.62 kB │ gzip:     0.82 kB
dist/assets/factor-kuTfRLto.js                            1.67 kB │ gzip:     0.61 kB
dist/assets/z80-Hz9HOZM7.js                               1.75 kB │ gzip:     0.81 kB
dist/assets/eiffel-CnydiIhH.js                            1.81 kB │ gzip:     0.91 kB
dist/assets/elm-vLlmbW-K.js                               1.89 kB │ gzip:     0.81 kB
dist/assets/mathematica-DTrFuWx2.js                       1.92 kB │ gzip:     0.81 kB
dist/assets/ChatSurfaceComponentMount-BqGI3h2a.js         1.94 kB │ gzip:     0.92 kB
dist/assets/dockerfile-BKs6k2Af.js                        1.95 kB │ gzip:     0.67 kB
dist/assets/turtle-B1tBg_DP.js                            1.98 kB │ gzip:     0.90 kB
dist/assets/ebnf-CDyGwa7X.js                              1.99 kB │ gzip:     0.80 kB
dist/assets/smalltalk-CnHTOXQT.js                         2.01 kB │ gzip:     0.85 kB
dist/assets/dtd-DF_7sFjM.js                               2.06 kB │ gzip:     0.87 kB
dist/assets/mumps-BT43cFF4.js                             2.07 kB │ gzip:     0.98 kB
dist/assets/fcl-Kvtd6kyn.js                               2.08 kB │ gzip:     0.95 kB
dist/assets/ntriples-BfvgReVJ.js                          2.10 kB │ gzip:     0.74 kB
dist/assets/yacas-BJ4BC0dw.js                             2.15 kB │ gzip:     1.09 kB
dist/assets/simple-mode-GW_nhZxv.js                       2.28 kB │ gzip:     1.09 kB
dist/assets/apl-B4CMkyY2.js                               2.30 kB │ gzip:     1.20 kB
dist/assets/pascal--L3eBynH.js                            2.30 kB │ gzip:     1.19 kB
dist/assets/octave-Ck1zUtKM.js                            2.31 kB │ gzip:     1.09 kB
dist/assets/commonlisp-DBKNyK5s.js                        2.32 kB │ gzip:     1.09 kB
dist/assets/tcl-DVfN8rqt.js                               2.36 kB │ gzip:     1.22 kB
dist/assets/index-r1wckcDm.js                             2.42 kB │ gzip:     1.48 kB
dist/assets/webidl-ZXfAyPTL.js                            2.52 kB │ gzip:     1.24 kB
dist/assets/pig-CevX1Tat.js                               2.53 kB │ gzip:     1.35 kB
dist/assets/puppet-DMA9R1ak.js                            2.54 kB │ gzip:     1.19 kB
dist/assets/forth-Ffai-XNe.js                             2.54 kB │ gzip:     1.31 kB
dist/assets/shell-CjFT_Tl9.js                             2.57 kB │ gzip:     1.20 kB
dist/assets/index-Ccl14zbn.js                             2.63 kB │ gzip:     1.46 kB
dist/assets/velocity-D8B20fx6.js                          2.67 kB │ gzip:     1.11 kB
dist/assets/tiddlywiki-DO-Gjzrf.js                        2.78 kB │ gzip:     1.06 kB
dist/assets/modelica-Dc1JOy9r.js                          2.79 kB │ gzip:     1.28 kB
dist/assets/oz-BzwKVEFT.js                                2.90 kB │ gzip:     1.28 kB
dist/assets/r-B6wPVr8A.js                                 2.94 kB │ gzip:     1.36 kB
dist/assets/stex-C3f8Ysf7.js                              3.12 kB │ gzip:     1.20 kB
dist/assets/tiki-DGYXhP31.js                              3.25 kB │ gzip:     1.26 kB
dist/assets/vhdl-lSbBsy5d.js                              3.35 kB │ gzip:     1.51 kB
dist/assets/lua-BgMRiT3U.js                               3.40 kB │ gzip:     1.42 kB
dist/assets/index-BA4stZ3t.js                             3.40 kB │ gzip:     1.70 kB
dist/assets/mscgen-BA5vi2Kp.js                            3.51 kB │ gzip:     0.97 kB
dist/assets/sparql-DkYu6x3z.js                            3.55 kB │ gzip:     1.61 kB
dist/assets/cypher-C_CwsFkJ.js                            3.56 kB │ gzip:     1.52 kB
dist/assets/d-pRatUO7H.js                                 3.72 kB │ gzip:     1.67 kB
dist/assets/coffeescript-S37ZYGWr.js                      3.87 kB │ gzip:     1.67 kB
dist/assets/vb-CmGdzxic.js                                3.90 kB │ gzip:     1.78 kB
dist/assets/swift-BzpIVaGY.js                             3.96 kB │ gzip:     1.78 kB
dist/assets/asn1-EdZsLKOL.js                              3.98 kB │ gzip:     1.92 kB
dist/assets/q-pXgVlZs6.js                                 4.03 kB │ gzip:     1.66 kB
dist/assets/ttcn-cfg-B9xdYoR4.js                          4.05 kB │ gzip:     1.69 kB
dist/assets/dylan-DwRh75JA.js                             4.05 kB │ gzip:     1.64 kB
dist/assets/livescript-BwQOo05w.js                        4.09 kB │ gzip:     1.62 kB
dist/assets/groovy-D9Dt4D0W.js                            4.14 kB │ gzip:     1.76 kB
dist/assets/haskell-Cw1EW3IL.js                           4.17 kB │ gzip:     1.86 kB
dist/assets/asterisk-B-8jnY81.js                          4.48 kB │ gzip:     1.78 kB
dist/assets/gas-Bneqetm1.js                               4.57 kB │ gzip:     1.28 kB
dist/assets/fortran-DYz_wnZ1.js                           4.65 kB │ gzip:     2.00 kB
dist/assets/mllike-CXdrOF99.js                            4.79 kB │ gzip:     1.54 kB
dist/assets/ttcn-CfJYG6tj.js                              4.80 kB │ gzip:     2.10 kB
dist/assets/index-CAAcF9Aq.js                             5.07 kB │ gzip:     2.36 kB
dist/assets/ecl-Cabwm37j.js                               5.13 kB │ gzip:     2.29 kB
dist/assets/crystal-SjHAIU92.js                           5.13 kB │ gzip:     2.05 kB
dist/assets/ruby-B2Rjki9n.js                              5.16 kB │ gzip:     2.13 kB
dist/assets/julia-DuME0IfC.js                             5.39 kB │ gzip:     2.12 kB
dist/assets/vbscript-BuJXcnF6.js                          5.82 kB │ gzip:     2.55 kB
dist/assets/mirc-CjQqDB4T.js                              5.92 kB │ gzip:     2.66 kB
dist/assets/cobol-CWcv1MsR.js                             6.20 kB │ gzip:     2.91 kB
dist/assets/scheme-C41bIUwD.js                            6.37 kB │ gzip:     2.39 kB
dist/assets/python-BuPzkPfP.js                            6.48 kB │ gzip:     2.71 kB
dist/assets/xquery-DzFWVndE.js                            6.62 kB │ gzip:     2.56 kB
dist/assets/pug-DeIclll2.js                               6.67 kB │ gzip:     1.95 kB
dist/assets/textile-CnDTJFAw.js                           6.80 kB │ gzip:     2.43 kB
dist/assets/nsis-LdVXkNf5.js                              6.81 kB │ gzip:     2.96 kB
dist/assets/nginx-DdIZxoE0.js                             7.34 kB │ gzip:     2.73 kB
dist/assets/powershell-CFHJl5sT.js                        7.77 kB │ gzip:     3.30 kB
dist/assets/haxe-H-WmDvRZ.js                              7.89 kB │ gzip:     2.92 kB
dist/assets/erlang-BNw1qcRV.js                            8.10 kB │ gzip:     2.86 kB
dist/assets/verilog-C6RDOZhf.js                           8.24 kB │ gzip:     3.47 kB
dist/assets/sas-B4kiWyti.js                               9.33 kB │ gzip:     4.07 kB
dist/assets/perl-CdXCOZ3F.js                              9.75 kB │ gzip:     3.40 kB
dist/assets/gherkin-heZmZLOM.js                          10.16 kB │ gzip:     4.96 kB
dist/assets/clojure-BMjYHr_A.js                          10.82 kB │ gzip:     3.96 kB
dist/assets/idl-BEugSyMb.js                              11.63 kB │ gzip:     4.54 kB
dist/assets/index-4inLKB80.js                            12.71 kB │ gzip:     5.51 kB
dist/assets/index-CByjXUoY.js                            14.67 kB │ gzip:     5.87 kB
dist/assets/index-DQZPuh3t.js                            16.31 kB │ gzip:     7.23 kB
dist/assets/javascript-iXu5QeM3.js                       17.08 kB │ gzip:     5.72 kB
dist/assets/index-D7cfHEJY.js                            20.92 kB │ gzip:     9.13 kB
dist/assets/index-DoEzcY5q.js                            21.19 kB │ gzip:     9.49 kB
dist/assets/clike-B9uivgTg.js                            22.30 kB │ gzip:     7.79 kB
dist/assets/index-VI6S4YN0.js                            23.06 kB │ gzip:    10.00 kB
dist/assets/stylus-B533Al4x.js                           25.80 kB │ gzip:     8.62 kB
dist/assets/index-Dq_rTBQH.js                            26.52 kB │ gzip:     8.82 kB
dist/assets/css-BnMrqG3P.js                              27.13 kB │ gzip:     8.49 kB
dist/assets/index-CkYwWPKA.js                            27.19 kB │ gzip:    11.96 kB
dist/assets/index-MMZtbGfg.js                            28.66 kB │ gzip:    11.38 kB
dist/assets/index-DAzXIw0r.js                            30.79 kB │ gzip:    12.34 kB
dist/assets/index-DUEXZiFM.js                            32.30 kB │ gzip:    12.96 kB
dist/assets/sql-D0XecflT.js                              37.05 kB │ gzip:    10.91 kB
dist/assets/index-DQO5ig1l.js                            40.73 kB │ gzip:    16.16 kB
dist/assets/index-J2r6dQDi.js                            44.16 kB │ gzip:    15.32 kB
dist/assets/index-CBlo99-V.js                            45.10 kB │ gzip:    18.65 kB
dist/assets/index-BmZ0W5GA.js                            70.81 kB │ gzip:    25.08 kB
dist/assets/index-BBABxg3z.js                            86.92 kB │ gzip:    33.64 kB
dist/assets/index-DVvzQ662.js                            97.86 kB │ gzip:    27.96 kB
dist/assets/index-Cd5u-RY9.js                           100.55 kB │ gzip:    32.54 kB
dist/assets/index-B-ev9ziP.js                         4,448.16 kB │ gzip: 1,269.95 kB

(!) Some chunks are larger than 500 kB after minification. Consider:
- Using dynamic import() to code-split the application
- Use build.rollupOptions.output.manualChunks to improve chunking: https://rollupjs.org/configuration-options/#output-manualchunks
- Adjust chunk size limit for this warning via build.chunkSizeWarningLimit.
✓ built in 3.86s
