[2m[WebServer] [22m[Server] diagnostic_log
[2m[WebServer] [22m[Server] diagnostic_error
[2m[WebServer] [22m[Server] diagnostic_log
[2m[WebServer] [22m[Server] diagnostic_log
[2m[WebServer] [22m[Server] diagnostic_log
[2m[WebServer] [22m[Server] diagnostic_log
[2m[WebServer] [22m[Server] diagnostic_log
[2m[WebServer] [22m[Server] diagnostic_log
[2m[WebServer] [22m[Server] diagnostic_log
[2m[WebServer] [22m[Server] diagnostic_log
[2m[WebServer] [22m[Server] diagnostic_log
[2m[WebServer] [22m[Server] diagnostic_log
[2m[WebServer] [22m[Server] diagnostic_log
[2m[WebServer] [22m[Server] diagnostic_log
[2m[WebServer] [22m[Server] diagnostic_log
[2m[WebServer] [22m[Server] diagnostic_log
[2m[WebServer] [22mSERVER_READY:52152
[2m[WebServer] [22m[Server] diagnostic_warning

Running 3 tests using 1 worker

(node:55870) Warning: The 'NO_COLOR' env is ignored due to the 'FORCE_COLOR' env being set.
(Use `node --trace-warnings ...` to show where the warning was created)
(node:55870) Warning: The 'NO_COLOR' env is ignored due to the 'FORCE_COLOR' env being set.
(Use `node --trace-warnings ...` to show where the warning was created)
[2m[WebServer] [22m[Server] diagnostic_log
[2m[WebServer] [22m[Server] diagnostic_log
[2m[WebServer] [22m[Server] diagnostic_log
[2m[WebServer] [22m[WS] request_log
[2m[WebServer] [22m[WS] request_log
[2m[WebServer] [22m[WS] request_log
[2m[WebServer] [22m[WS] request_log
[2m[WebServer] [22m[WS] request_log
[2m[WebServer] [22m[WS] request_log
[2m[WebServer] [22m[WS] request_log
[2m[WebServer] [22m[WS] request_log
[2m[WebServer] [22m[WS] request_log
[2m[WebServer] [22m[WS] request_log
[2m[WebServer] [22m[WS] request_log
[2m[WebServer] [22m[WS] request_log
[2m[WebServer] [22m[WS] request_log
[2m[WebServer] [22m[WS] request_log
[2m[WebServer] [22m[WS] request_log
[2m[WebServer] [22m[WS] request_log
[2m[WebServer] [22m[WS] request_log
[2m[WebServer] [22m[WS] request_log
[2m[WebServer] [22m[WS] request_log
[2m[WebServer] [22m[WS] request_log
[2m[WebServer] [22m[WS] request_log
[2m[WebServer] [22m[WS] request_log
[2m[WebServer] [22m[WS] request_log
[2m[WebServer] [22m[WS] request_log
[2m[WebServer] [22m[WS] request_log
[2m[WebServer] [22m[WS] request_log
[2m[WebServer] [22m[WS] request_log
[2m[WebServer] [22m[WS] request_log
[2m[WebServer] [22m[WS] request_log
[2m[WebServer] [22m[WS] request_log
[2m[WebServer] [22m[WS] request_log
[2m[WebServer] [22m[WS] request_log
[2m[WebServer] [22m[WS] request_log
[2m[WebServer] [22m[WS] request_log
[2m[WebServer] [22m[WS] request_log
[2m[WebServer] [22m[WS] request_log
[2m[WebServer] [22m[WS] request_log
[2m[WebServer] [22m[WS] request_log
[2m[WebServer] [22m[WS] request_log
[2m[WebServer] [22m[WS] request_log
[2m[WebServer] [22m[WS] request_log
[2m[WebServer] [22m[WS] request_log
[2m[WebServer] [22m[WS] request_log
[2m[WebServer] [22m[WS] request_log
[2m[WebServer] [22m[WS] request_log
[2m[WebServer] [22m[WS] request_log
[2m[WebServer] [22m[WS] request_log
[2m[WebServer] [22m[WS] request_log
[2m[WebServer] [22m[WS] request_log
[2m[WebServer] [22m[WS] request_log
[2m[WebServer] [22m[WS] request_log
[2m[WebServer] [22m[WS] request_log
[2m[WebServer] [22m[WS] request_log
[2m[WebServer] [22m[WS] request_log
[2m[WebServer] [22m[WS] request_log
[2m[WebServer] [22m[WS] request_log
[2m[WebServer] [22m[WS] request_log
[2m[WebServer] [22m[WS] request_log
[2m[WebServer] [22m[WS] request_log
[2m[WebServer] [22m[WS] request_log
[2m[WebServer] [22m[WS] request_log
[2m[WebServer] [22m[WS] request_log
[2m[WebServer] [22m[WS] request_log
[2m[WebServer] [22m[WS] request_log
[2m[WebServer] [22m[WS] request_log
[2m[WebServer] [22m[WS] request_log
[2m[WebServer] [22m[WS] request_log
[2m[WebServer] [22m[WS] request_log
[2m[WebServer] [22m[WS] request_log
[2m[WebServer] [22m[WS] request_log
[2m[WebServer] [22m[WS] request_log
[2m[WebServer] [22m[WS] request_log
[2m[WebServer] [22m[WS] request_log
[2m[WebServer] [22m[WS] request_log
[2m[WebServer] [22m[WS] request_log
[2m[WebServer] [22m[WS] request_log
[2m[WebServer] [22m[WS] request_log
[2m[WebServer] [22m[WS] request_log
[2m[WebServer] [22m[WS] request_log
[2m[WebServer] [22m[WS] request_log
[2m[WebServer] [22m[WS] request_log
[2m[WebServer] [22m[WS] request_log
[2m[WebServer] [22m[WS] request_log
[2m[WebServer] [22m[WS] request_log
[2m[WebServer] [22m[WS] request_log
[2m[WebServer] [22m[WS] request_log
[2m[WebServer] [22m[WS] request_log
[2m[WebServer] [22m[WS] request_log
[2m[WebServer] [22m[WS] request_log
[2m[WebServer] [22m[WS] request_log
[2m[WebServer] [22m[WS] request_log
[2m[WebServer] [22m[WS] request_log
[2m[WebServer] [22m[WS] request_log
[2m[WebServer] [22m[Server] diagnostic_log
[2m[WebServer] [22m[Server] diagnostic_log
[2m[WebServer] [22m[Server] diagnostic_log
[2m[WebServer] [22m[WS] request_log
[2m[WebServer] [22m[WS] request_log
[2m[WebServer] [22m[WS] request_log
[2m[WebServer] [22m[WS] request_log
[2m[WebServer] [22m[WS] request_log
[2m[WebServer] [22m[WS] request_log
[2m[WebServer] [22m[WS] request_log
[2m[WebServer] [22m[WS] request_log
[2m[WebServer] [22m[WS] request_log
[2m[WebServer] [22m[WS] request_log
[2m[WebServer] [22m[WS] request_log
[2m[WebServer] [22m[WS] request_log
[2m[WebServer] [22m[WS] request_log
[2m[WebServer] [22m[WS] request_log
[2m[WebServer] [22m[WS] request_log
[2m[WebServer] [22m[WS] request_log
[2m[WebServer] [22m[WS] request_log
[2m[WebServer] [22m[WS] request_log
[2m[WebServer] [22m[WS] request_error
[2m[WebServer] [22m[WS] request_log
[2m[WebServer] [22m[WS] request_log
[2m[WebServer] [22m[WS] request_log
[2m[WebServer] [22m[WS] request_log
[2m[WebServer] [22m[WS] request_log
[2m[WebServer] [22m[WS] request_log
[2m[WebServer] [22m[WS] request_log
[2m[WebServer] [22m[WS] request_log
[2m[WebServer] [22m[WS] request_log
[2m[WebServer] [22m[WS] request_log
[2m[WebServer] [22m[WS] request_log
[2m[WebServer] [22m[WS] request_log
[2m[WebServer] [22m[WS] request_log
[2m[WebServer] [22m[WS] request_log
[2m[WebServer] [22m[WS] request_log
[2m[WebServer] [22m[WS] request_log
[2m[WebServer] [22m[WS] request_log
[2m[WebServer] [22m[WS] request_log
[2m[WebServer] [22m[WS] request_log
[2m[WebServer] [22m[WS] request_log
[2m[WebServer] [22m[WS] request_log
[2m[WebServer] [22m[WS] request_log
[2m[WebServer] [22m[WS] request_log
[2m[WebServer] [22m[WS] request_log
[2m[WebServer] [22m[WS] request_log
[2m[WebServer] [22m[WS] request_log
[2m[WebServer] [22m[WS] request_log
[2m[WebServer] [22m[WS] request_log
[2m[WebServer] [22m[WS] request_log
[2m[WebServer] [22m[WS] request_log
[2m[WebServer] [22m[WS] request_log
[2m[WebServer] [22m[WS] request_log
[2m[WebServer] [22m[WS] request_log
[2m[WebServer] [22m[WS] request_log
[2m[WebServer] [22m[WS] request_log
[2m[WebServer] [22m[WS] request_log
[2m[WebServer] [22m[WS] request_log
[2m[WebServer] [22m[WS] request_log
[2m[WebServer] [22m[WS] request_log
[2m[WebServer] [22m[WS] request_log
[2m[WebServer] [22m[WS] request_log
[2m[WebServer] [22m[WS] request_log
[2m[WebServer] [22m[WS] request_log
[2m[WebServer] [22m[WS] request_log
[2m[WebServer] [22m[WS] request_log
[2m[WebServer] [22m[WS] request_log
[2m[WebServer] [22m[WS] request_log
[2m[WebServer] [22m[WS] request_log
[2m[WebServer] [22m[WS] request_log
[2m[WebServer] [22m[WS] request_log
[2m[WebServer] [22m[WS] request_log
[2m[WebServer] [22m[WS] request_log
[2m[WebServer] [22m[WS] request_log
[2m[WebServer] [22m[WS] request_log
[2m[WebServer] [22m[WS] request_log
[2m[WebServer] [22m[WS] request_log
[2m[WebServer] [22m[WS] request_log
[2m[WebServer] [22m[WS] request_log
[2m[WebServer] [22m[WS] request_log
[2m[WebServer] [22m[WS] request_log
[2m[WebServer] [22m[WS] request_log
[2m[WebServer] [22m[WS] request_log
[2m[WebServer] [22m[WS] request_log
[2m[WebServer] [22m[WS] request_error
[2m[WebServer] [22m[WS] request_log
[2m[WebServer] [22m[WS] request_log
[2m[WebServer] [22m[WS] request_log
[2m[WebServer] [22m[WS] request_log
[2m[WebServer] [22m[WS] request_log
[2m[WebServer] [22m[WS] request_log
[2m[WebServer] [22m[WS] request_log
[2m[WebServer] [22m[WS] request_log
[2m[WebServer] [22m[WS] request_log
[2m[WebServer] [22m[WS] request_log
[2m[WebServer] [22m[WS] request_log
[2m[WebServer] [22m[WS] request_log
[2m[WebServer] [22m[WS] request_log
[2m[WebServer] [22m[WS] request_log
[2m[WebServer] [22m[WS] request_log
[2m[WebServer] [22m[WS] request_log
[2m[WebServer] [22m[WS] request_log
[2m[WebServer] [22m[WS] request_log
[2m[WebServer] [22m[WS] request_log
[2m[WebServer] [22m[WS] request_log
[2m[WebServer] [22m[WS] request_log
[2m[WebServer] [22m[WS] request_log
[2m[WebServer] [22m[WS] request_log
[2m[WebServer] [22m[WS] request_log
[2m[WebServer] [22m[WS] request_log
[2m[WebServer] [22m[WS] request_log
[2m[WebServer] [22m[WS] request_log
[2m[WebServer] [22m[WS] request_log
[2m[WebServer] [22m[WS] request_log
[2m[WebServer] [22m[WS] request_log
[2m[WebServer] [22m[WS] request_log
[2m[WebServer] [22m[WS] request_log
[2m[WebServer] [22m[WS] request_log
[2m[WebServer] [22m[WS] request_log
[2m[WebServer] [22m[WS] request_log
[2m[WebServer] [22m[WS] request_log
[2m[WebServer] [22m[WS] request_log
[2m[WebServer] [22m[WS] request_log
[2m[WebServer] [22m[WS] request_log
[2m[WebServer] [22m[WS] request_log
[2m[WebServer] [22m[Server] diagnostic_log
[2m[WebServer] [22m[Server] diagnostic_log
[2m[WebServer] [22m[Server] diagnostic_log
[2m[WebServer] [22m[WS] request_log
[2m[WebServer] [22m[WS] request_log
[2m[WebServer] [22m[WS] request_log
[2m[WebServer] [22m[WS] request_log
[2m[WebServer] [22m[WS] request_log
[2m[WebServer] [22m[WS] request_log
[2m[WebServer] [22m[WS] request_log
[2m[WebServer] [22m[WS] request_log
[2m[WebServer] [22m[WS] request_log
[2m[WebServer] [22m[WS] request_log
[2m[WebServer] [22m[WS] request_log
[2m[WebServer] [22m[WS] request_log
[2m[WebServer] [22m[WS] request_log
[2m[WebServer] [22m[WS] request_log
[2m[WebServer] [22m[WS] request_log
[2m[WebServer] [22m[WS] request_log
[2m[WebServer] [22m[WS] request_log
[2m[WebServer] [22m[WS] request_log
[2m[WebServer] [22m[WS] request_log
[2m[WebServer] [22m[WS] request_log
[2m[WebServer] [22m[WS] request_log
[2m[WebServer] [22m[WS] request_log
[2m[WebServer] [22m[WS] request_log
[2m[WebServer] [22m[WS] request_log
[2m[WebServer] [22m[WS] request_log
[2m[WebServer] [22m[WS] request_log
[2m[WebServer] [22m[WS] request_log
[2m[WebServer] [22m[WS] request_log
[2m[WebServer] [22m[WS] request_log
[2m[WebServer] [22m[WS] request_log
[2m[WebServer] [22m[WS] request_log
[2m[WebServer] [22m[WS] request_log
[2m[WebServer] [22m[WS] request_log
[2m[WebServer] [22m[WS] request_log
[2m[WebServer] [22m[WS] request_log
[2m[WebServer] [22m[WS] request_log
[2m[WebServer] [22m[WS] request_log
[2m[WebServer] [22m[WS] request_log
[2m[WebServer] [22m[WS] request_log
[2m[WebServer] [22m[WS] request_log
[2m[WebServer] [22m[WS] request_log
[2m[WebServer] [22m[WS] request_log
[2m[WebServer] [22m[WS] request_log
[2m[WebServer] [22m[WS] request_log
[2m[WebServer] [22m[WS] request_log
[2m[WebServer] [22m[WS] request_log
[2m[WebServer] [22m[WS] request_log
[2m[WebServer] [22m[WS] request_log
[2m[WebServer] [22m[WS] request_log
[2m[WebServer] [22m[WS] request_log
[2m[WebServer] [22m[WS] request_log
[2m[WebServer] [22m[WS] request_log
[2m[WebServer] [22m[WS] request_log
[2m[WebServer] [22m[WS] request_log
[2m[WebServer] [22m[WS] request_log
[2m[WebServer] [22m[WS] request_log
[2m[WebServer] [22m[WS] request_log
[2m[WebServer] [22m[WS] request_log
[2m[WebServer] [22m[WS] request_log
[2m[WebServer] [22m[WS] request_log
[2m[WebServer] [22m[WS] request_log
[2m[WebServer] [22m[WS] request_log
[2m[WebServer] [22m[WS] request_log
[2m[WebServer] [22m[WS] request_log
[2m[WebServer] [22m[WS] request_log
[2m[WebServer] [22m[WS] request_log
[2m[WebServer] [22m[WS] request_log
[2m[WebServer] [22m[WS] request_log
[2m[WebServer] [22m[WS] request_log
[2m[WebServer] [22m[WS] request_log
[2m[WebServer] [22m[WS] request_log
[2m[WebServer] [22m[WS] request_log
[2m[WebServer] [22m[WS] request_log
[2m[WebServer] [22m[WS] request_log
[2m[WebServer] [22m[WS] request_log
[2m[WebServer] [22m[WS] request_log
[2m[WebServer] [22m[WS] request_log
[2m[WebServer] [22m[WS] request_log
[2m[WebServer] [22m[WS] request_log
[2m[WebServer] [22m[WS] request_log
[2m[WebServer] [22m[WS] request_log
[2m[WebServer] [22m[WS] request_log
[2m[WebServer] [22m[WS] request_log
[2m[WebServer] [22m[WS] request_log
[2m[WebServer] [22m[WS] request_log
[2m[WebServer] [22m[WS] request_log
[2m[WebServer] [22m[WS] request_log
[2m[WebServer] [22m[WS] request_log
[2m[WebServer] [22m[WS] request_log
[2m[WebServer] [22m[WS] request_log
[2m[WebServer] [22m[WS] request_log
[2m[WebServer] [22m[WS] request_log
[2m[WebServer] [22m[WS] request_log
[2m[WebServer] [22m[WS] request_log
[2m[WebServer] [22m[WS] request_log
[2m[WebServer] [22m[WS] request_log
[2m[WebServer] [22m[WS] request_log
[2m[WebServer] [22m[WS] request_log
[2m[WebServer] [22m[WS] request_log
[2m[WebServer] [22m[WS] request_log
[2m[WebServer] [22m[WS] request_log
[2m[WebServer] [22m[WS] request_log
[2m[WebServer] [22m[WS] request_log
[2m[WebServer] [22m[WS] request_log
[2m[WebServer] [22m[WS] request_log
  ✓  1 e2e/provenance/file-viewer-live-resource.spec.ts:281:1 › ordinary File Viewer save projects, refetches narrowly, joins provenance, rejects stale/duplicate delivery, rehydrates, and preserves aliases (13.2s)
  -  2 e2e/provenance/file-viewer-live-resource.spec.ts:495:1 › post-write fact publication failure emits targeted recovery before the visible refetch
  ✓  3 e2e/provenance/file-viewer-live-resource.spec.ts:544:1 › production workspace bind module gates replies behind the bind frame and closes on overflow (71ms)

  1 skipped
  2 passed (15.4s)
[2m[WebServer] [22m[Server] diagnostic_log
[2m[WebServer] [22m[Server] diagnostic_error
[2m[WebServer] [22m[Server] diagnostic_log
[2m[WebServer] [22m[Server] diagnostic_log
[2m[WebServer] [22m[Server] diagnostic_log
[2m[WebServer] [22m[Server] diagnostic_log
[2m[WebServer] [22m[Server] diagnostic_log
[2m[WebServer] [22m[Server] diagnostic_log
[2m[WebServer] [22m[Server] diagnostic_log
[2m[WebServer] [22m[Server] diagnostic_log
[2m[WebServer] [22m[Server] diagnostic_log
[2m[WebServer] [22m[Server] diagnostic_log
[2m[WebServer] [22m[Server] diagnostic_log
[2m[WebServer] [22m[Server] diagnostic_log
[2m[WebServer] [22m[Server] diagnostic_log
[2m[WebServer] [22m[Server] diagnostic_log
[2m[WebServer] [22mSERVER_READY:52170
[2m[WebServer] [22m[Server] diagnostic_warning

Running 3 tests using 1 worker

(node:55919) Warning: The 'NO_COLOR' env is ignored due to the 'FORCE_COLOR' env being set.
(Use `node --trace-warnings ...` to show where the warning was created)
(node:55919) Warning: The 'NO_COLOR' env is ignored due to the 'FORCE_COLOR' env being set.
(Use `node --trace-warnings ...` to show where the warning was created)
  -  1 e2e/provenance/file-viewer-live-resource.spec.ts:281:1 › ordinary File Viewer save projects, refetches narrowly, joins provenance, rejects stale/duplicate delivery, rehydrates, and preserves aliases
[2m[WebServer] [22m[Server] diagnostic_log
[2m[WebServer] [22m[Server] diagnostic_log
[2m[WebServer] [22m[Server] diagnostic_log
[2m[WebServer] [22m[WS] request_log
[2m[WebServer] [22m[WS] request_log
[2m[WebServer] [22m[WS] request_log
[2m[WebServer] [22m[WS] request_log
[2m[WebServer] [22m[WS] request_log
[2m[WebServer] [22m[WS] request_log
[2m[WebServer] [22m[WS] request_log
[2m[WebServer] [22m[WS] request_log
[2m[WebServer] [22m[WS] request_log
[2m[WebServer] [22m[WS] request_log
[2m[WebServer] [22m[WS] request_log
[2m[WebServer] [22m[WS] request_log
[2m[WebServer] [22m[WS] request_log
[2m[WebServer] [22m[WS] request_log
[2m[WebServer] [22m[WS] request_log
[2m[WebServer] [22m[WS] request_log
[2m[WebServer] [22m[WS] request_log
[2m[WebServer] [22m[WS] request_log
[2m[WebServer] [22m[WS] request_log
[2m[WebServer] [22m[WS] request_log
[2m[WebServer] [22m[WS] request_log
[2m[WebServer] [22m[WS] request_log
[2m[WebServer] [22m[WS] request_log
[2m[WebServer] [22m[WS] request_log
[2m[WebServer] [22m[WS] request_log
[2m[WebServer] [22m[WS] request_log
[2m[WebServer] [22m[WS] request_log
[2m[WebServer] [22m[WS] request_log
[2m[WebServer] [22m[WS] request_log
[2m[WebServer] [22m[WS] request_log
[2m[WebServer] [22m[WS] request_log
[2m[WebServer] [22m[WS] request_log
[2m[WebServer] [22m[WS] request_log
[2m[WebServer] [22m[WS] request_log
[2m[WebServer] [22m[WS] request_log
[2m[WebServer] [22m[WS] request_log
[2m[WebServer] [22m[WS] request_log
[2m[WebServer] [22m[WS] request_log
[2m[WebServer] [22m[WS] request_log
[2m[WebServer] [22m[WS] request_log
[2m[WebServer] [22m[WS] request_log
[2m[WebServer] [22m[WS] request_log
[2m[WebServer] [22m[WS] request_log
[2m[WebServer] [22m[WS] request_log
[2m[WebServer] [22m[WS] request_log
[2m[WebServer] [22m[WS] request_log
[2m[WebServer] [22m[WS] request_log
[2m[WebServer] [22m[WS] request_log
[2m[WebServer] [22m[WS] request_log
[2m[WebServer] [22m[WS] request_log
[2m[WebServer] [22m[WS] request_log
[2m[WebServer] [22m[WS] request_log
[2m[WebServer] [22m[WS] request_log
[2m[WebServer] [22m[WS] request_log
[2m[WebServer] [22m[WS] request_log
[2m[WebServer] [22m[WS] request_log
[2m[WebServer] [22m[WS] request_log
[2m[WebServer] [22m[WS] request_log
[2m[WebServer] [22m[WS] request_log
[2m[WebServer] [22m[WS] request_log
[2m[WebServer] [22m[WS] request_log
[2m[WebServer] [22m[WS] request_log
[2m[WebServer] [22m[WS] request_log
[2m[WebServer] [22m[WS] request_log
[2m[WebServer] [22m[WS] request_log
[2m[WebServer] [22m[WS] request_log
[2m[WebServer] [22m[WS] request_log
[2m[WebServer] [22m[WS] request_log
[2m[WebServer] [22m[WS] request_log
[2m[WebServer] [22m[WS] request_log
[2m[WebServer] [22m[WS] request_log
[2m[WebServer] [22m[WS] request_log
[2m[WebServer] [22m[WS] request_log
[2m[WebServer] [22m[WS] request_log
[2m[WebServer] [22m[WS] request_log
[2m[WebServer] [22m[WS] request_log
[2m[WebServer] [22m[WS] request_log
[2m[WebServer] [22m[WS] request_log
[2m[WebServer] [22m[WS] request_log
[2m[WebServer] [22m[WS] request_log
[2m[WebServer] [22m[WS] request_log
[2m[WebServer] [22m[WS] request_log
[2m[WebServer] [22m[WS] request_log
[2m[WebServer] [22m[WS] request_log
[2m[WebServer] [22m[WS] request_log
[2m[WebServer] [22m[WS] request_log
[2m[WebServer] [22m[WS] request_log
[2m[WebServer] [22m[WS] request_log
[2m[WebServer] [22m[WS] request_log
[2m[WebServer] [22m[WS] request_log
[2m[WebServer] [22m[WS] request_log
[2m[WebServer] [22m[WS] request_log
[2m[WebServer] [22m[WS] request_log
[2m[WebServer] [22m[Server] diagnostic_log
[2m[WebServer] [22m[Server] diagnostic_log
[2m[WebServer] [22m[Server] diagnostic_log
[2m[WebServer] [22m[WS] request_log
[2m[WebServer] [22m[WS] request_log
[2m[WebServer] [22m[WS] request_warning
[2m[WebServer] [22m[WS] request_log
[2m[WebServer] [22m[WS] request_log
[2m[WebServer] [22m[WS] request_log
[2m[WebServer] [22m[WS] request_log
[2m[WebServer] [22m[WS] request_log
[2m[WebServer] [22m[WS] request_log
[2m[WebServer] [22m[WS] request_log
[2m[WebServer] [22m[WS] request_log
[2m[WebServer] [22m[WS] request_log
[2m[WebServer] [22m[WS] request_log
  ✓  2 e2e/provenance/file-viewer-live-resource.spec.ts:495:1 › post-write fact publication failure emits targeted recovery before the visible refetch (3.3s)
  -  3 e2e/provenance/file-viewer-live-resource.spec.ts:544:1 › production workspace bind module gates replies behind the bind frame and closes on overflow

  2 skipped
  1 passed (5.0s)
{
  "status": "FILE_VIEWER_LIVE_PROVENANCE_OK",
  "scenarios": [
    {
      "scenario": "normal",
      "port": 52152
    },
    {
      "scenario": "fact-publish-failure",
      "port": 52170
    }
  ],
  "uniqueNonDevelopmentPorts": true,
  "protectedDeveloperStateUnchanged": true,
  "cleanup": "owned-marker-verified",
  "evidenceRoot": "/private/var/folders/ng/s9jvcvqs3sq9crldjc_5cvjh0000gn/T/fusion-provenance-evidence-opm2tF"
}
