[2m[WebServer] [22m[Server] diagnostic_log
[2m[WebServer] [22m[Server] diagnostic_error
[2m[WebServer] [22m[Server] diagnostic_log
[2m[WebServer] [22m[Server] diagnostic_log
[2m[WebServer] [22m[Server] diagnostic_log
[2m[WebServer] [22m[Server] diagnostic_log
[2m[WebServer] [22m[Server] diagnostic_log
[2m[WebServer] [22m[Server] diagnostic_log
[2m[WebServer] [22m[Server] diagnostic_log
[2m[WebServer] [22m[Server] diagnostic_log
[2m[WebServer] [22m[Server] diagnostic_log
[2m[WebServer] [22m[Server] diagnostic_log
[2m[WebServer] [22m[Server] diagnostic_log
[2m[WebServer] [22m[Server] diagnostic_log
[2m[WebServer] [22m[Server] diagnostic_log
[2m[WebServer] [22m[Server] diagnostic_log
[2m[WebServer] [22mSERVER_READY:52375
[2m[WebServer] [22m[Server] diagnostic_warning

Running 3 tests using 1 worker

(node:19066) Warning: The 'NO_COLOR' env is ignored due to the 'FORCE_COLOR' env being set.
(Use `node --trace-warnings ...` to show where the warning was created)
(node:19066) Warning: The 'NO_COLOR' env is ignored due to the 'FORCE_COLOR' env being set.
(Use `node --trace-warnings ...` to show where the warning was created)
[2m[WebServer] [22m[Server] diagnostic_log
[2m[WebServer] [22m[Server] diagnostic_log
[2m[WebServer] [22m[Server] diagnostic_log
[2m[WebServer] [22m[WS] request_log
[2m[WebServer] [22m[WS] request_log
[2m[WebServer] [22m[WS] request_log
[2m[WebServer] [22m[WS] request_log
[2m[WebServer] [22m[WS] request_log
[2m[WebServer] [22m[WS] request_log
[2m[WebServer] [22m[WS] request_log
[2m[WebServer] [22m[WS] request_log
[2m[WebServer] [22m[WS] request_log
[2m[WebServer] [22m[WS] request_log
[2m[WebServer] [22m[WS] request_log
[2m[WebServer] [22m[WS] request_log
[2m[WebServer] [22m[WS] request_log
[2m[WebServer] [22m[WS] request_log
[2m[WebServer] [22m[WS] request_log
[2m[WebServer] [22m[WS] request_log
[2m[WebServer] [22m[WS] request_log
[2m[WebServer] [22m[WS] request_log
[2m[WebServer] [22m[WS] request_log
[2m[WebServer] [22m[WS] request_log
[2m[WebServer] [22m[WS] request_log
[2m[WebServer] [22m[WS] request_log
[2m[WebServer] [22m[WS] request_log
[2m[WebServer] [22m[WS] request_log
[2m[WebServer] [22m[WS] request_log
[2m[WebServer] [22m[WS] request_log
[2m[WebServer] [22m[WS] request_log
[2m[WebServer] [22m[WS] request_log
[2m[WebServer] [22m[WS] request_log
[2m[WebServer] [22m[WS] request_log
[2m[WebServer] [22m[WS] request_log
[2m[WebServer] [22m[WS] request_log
[2m[WebServer] [22m[WS] request_log
[2m[WebServer] [22m[WS] request_log
[2m[WebServer] [22m[WS] request_log
[2m[WebServer] [22m[WS] request_log
[2m[WebServer] [22m[WS] request_log
[2m[WebServer] [22m[WS] request_log
[2m[WebServer] [22m[WS] request_log
[2m[WebServer] [22m[WS] request_log
[2m[WebServer] [22m[WS] request_log
[2m[WebServer] [22m[WS] request_log
[2m[WebServer] [22m[WS] request_log
[2m[WebServer] [22m[WS] request_log
[2m[WebServer] [22m[WS] request_log
[2m[WebServer] [22m[WS] request_log
[2m[WebServer] [22m[WS] request_log
[2m[WebServer] [22m[WS] request_log
[2m[WebServer] [22m[WS] request_log
[2m[WebServer] [22m[WS] request_log
[2m[WebServer] [22m[WS] request_log
[2m[WebServer] [22m[WS] request_log
[2m[WebServer] [22m[WS] request_log
[2m[WebServer] [22m[WS] request_log
[2m[WebServer] [22m[WS] request_log
[2m[WebServer] [22m[WS] request_log
[2m[WebServer] [22m[WS] request_log
[2m[WebServer] [22m[WS] request_log
[2m[WebServer] [22m[WS] request_log
[2m[WebServer] [22m[WS] request_log
[2m[WebServer] [22m[WS] request_log
[2m[WebServer] [22m[WS] request_log
[2m[WebServer] [22m[WS] request_log
[2m[WebServer] [22m[WS] request_log
[2m[WebServer] [22m[WS] request_log
[2m[WebServer] [22m[WS] request_log
[2m[WebServer] [22m[WS] request_log
[2m[WebServer] [22m[WS] request_log
[2m[WebServer] [22m[WS] request_log
[2m[WebServer] [22m[WS] request_log
[2m[WebServer] [22m[WS] request_log
[2m[WebServer] [22m[WS] request_log
[2m[WebServer] [22m[WS] request_log
[2m[WebServer] [22m[WS] request_log
[2m[WebServer] [22m[WS] request_log
[2m[WebServer] [22m[WS] request_log
[2m[WebServer] [22m[WS] request_log
[2m[WebServer] [22m[WS] request_log
[2m[WebServer] [22m[WS] request_log
[2m[WebServer] [22m[WS] request_log
[2m[WebServer] [22m[WS] request_log
[2m[WebServer] [22m[WS] request_log
[2m[WebServer] [22m[WS] request_log
[2m[WebServer] [22m[WS] request_log
[2m[WebServer] [22m[WS] request_log
[2m[WebServer] [22m[WS] request_log
[2m[WebServer] [22m[WS] request_log
[2m[WebServer] [22m[WS] request_log
[2m[WebServer] [22m[WS] request_log
[2m[WebServer] [22m[WS] request_log
[2m[WebServer] [22m[WS] request_log
[2m[WebServer] [22m[WS] request_log
[2m[WebServer] [22m[WS] request_log
[2m[WebServer] [22m[Server] diagnostic_log
[2m[WebServer] [22m[Server] diagnostic_log
[2m[WebServer] [22m[Server] diagnostic_log
[2m[WebServer] [22m[WS] request_log
[2m[WebServer] [22m[WS] request_log
[2m[WebServer] [22m[WS] request_log
[2m[WebServer] [22m[WS] request_log
[2m[WebServer] [22m[WS] request_log
[2m[WebServer] [22m[WS] request_log
[2m[WebServer] [22m[WS] request_log
[2m[WebServer] [22m[WS] request_log
[2m[WebServer] [22m[WS] request_log
[2m[WebServer] [22m[WS] request_log
[2m[WebServer] [22m[WS] request_log
[2m[WebServer] [22m[WS] request_log
[2m[WebServer] [22m[WS] request_log
[2m[WebServer] [22m[WS] request_log
[2m[WebServer] [22m[WS] request_log
[2m[WebServer] [22m[WS] request_log
[2m[WebServer] [22m[WS] request_log
[2m[WebServer] [22m[WS] request_log
[2m[WebServer] [22m[WS] request_error
[2m[WebServer] [22m[WS] request_log
[2m[WebServer] [22m[WS] request_log
[2m[WebServer] [22m[WS] request_log
[2m[WebServer] [22m[WS] request_log
[2m[WebServer] [22m[WS] request_log
[2m[WebServer] [22m[WS] request_log
[2m[WebServer] [22m[WS] request_log
[2m[WebServer] [22m[WS] request_log
[2m[WebServer] [22m[WS] request_log
[2m[WebServer] [22m[WS] request_log
[2m[WebServer] [22m[WS] request_log
[2m[WebServer] [22m[WS] request_log
[2m[WebServer] [22m[WS] request_log
[2m[WebServer] [22m[WS] request_log
[2m[WebServer] [22m[WS] request_log
[2m[WebServer] [22m[WS] request_log
[2m[WebServer] [22m[WS] request_log
[2m[WebServer] [22m[WS] request_log
[2m[WebServer] [22m[WS] request_log
[2m[WebServer] [22m[WS] request_log
[2m[WebServer] [22m[WS] request_log
[2m[WebServer] [22m[WS] request_log
[2m[WebServer] [22m[WS] request_log
[2m[WebServer] [22m[WS] request_log
[2m[WebServer] [22m[WS] request_log
[2m[WebServer] [22m[WS] request_log
[2m[WebServer] [22m[WS] request_log
[2m[WebServer] [22m[WS] request_log
[2m[WebServer] [22m[WS] request_log
[2m[WebServer] [22m[WS] request_log
[2m[WebServer] [22m[WS] request_log
[2m[WebServer] [22m[WS] request_log
[2m[WebServer] [22m[WS] request_log
[2m[WebServer] [22m[WS] request_log
[2m[WebServer] [22m[WS] request_log
[2m[WebServer] [22m[WS] request_log
[2m[WebServer] [22m[WS] request_log
[2m[WebServer] [22m[WS] request_log
[2m[WebServer] [22m[WS] request_log
[2m[WebServer] [22m[WS] request_log
[2m[WebServer] [22m[WS] request_log
[2m[WebServer] [22m[WS] request_log
[2m[WebServer] [22m[WS] request_log
[2m[WebServer] [22m[WS] request_log
[2m[WebServer] [22m[WS] request_log
[2m[WebServer] [22m[WS] request_log
[2m[WebServer] [22m[WS] request_log
[2m[WebServer] [22m[WS] request_log
[2m[WebServer] [22m[WS] request_log
[2m[WebServer] [22m[WS] request_log
[2m[WebServer] [22m[WS] request_log
[2m[WebServer] [22m[WS] request_log
[2m[WebServer] [22m[WS] request_log
[2m[WebServer] [22m[WS] request_log
[2m[WebServer] [22m[WS] request_log
[2m[WebServer] [22m[WS] request_log
[2m[WebServer] [22m[WS] request_log
[2m[WebServer] [22m[WS] request_log
[2m[WebServer] [22m[WS] request_log
[2m[WebServer] [22m[WS] request_log
[2m[WebServer] [22m[WS] request_log
[2m[WebServer] [22m[WS] request_log
[2m[WebServer] [22m[WS] request_log
[2m[WebServer] [22m[WS] request_error
[2m[WebServer] [22m[WS] request_error
[2m[WebServer] [22m[WS] request_log
[2m[WebServer] [22m[WS] request_log
[2m[WebServer] [22m[WS] request_log
[2m[WebServer] [22m[WS] request_log
[2m[WebServer] [22m[WS] request_log
[2m[WebServer] [22m[WS] request_log
[2m[WebServer] [22m[WS] request_log
[2m[WebServer] [22m[WS] request_log
[2m[WebServer] [22m[WS] request_log
[2m[WebServer] [22m[WS] request_log
[2m[WebServer] [22m[WS] request_log
[2m[WebServer] [22m[WS] request_log
[2m[WebServer] [22m[WS] request_log
[2m[WebServer] [22m[WS] request_log
[2m[WebServer] [22m[WS] request_log
[2m[WebServer] [22m[WS] request_log
[2m[WebServer] [22m[WS] request_log
[2m[WebServer] [22m[WS] request_log
[2m[WebServer] [22m[WS] request_log
[2m[WebServer] [22m[WS] request_log
[2m[WebServer] [22m[WS] request_log
[2m[WebServer] [22m[WS] request_log
[2m[WebServer] [22m[WS] request_log
[2m[WebServer] [22m[WS] request_log
[2m[WebServer] [22m[WS] request_log
[2m[WebServer] [22m[WS] request_log
[2m[WebServer] [22m[WS] request_log
[2m[WebServer] [22m[WS] request_log
[2m[WebServer] [22m[WS] request_log
[2m[WebServer] [22m[WS] request_log
[2m[WebServer] [22m[WS] request_log
[2m[WebServer] [22m[WS] request_log
[2m[WebServer] [22m[WS] request_log
[2m[WebServer] [22m[WS] request_log
[2m[WebServer] [22m[WS] request_log
[2m[WebServer] [22m[WS] request_log
[2m[WebServer] [22m[WS] request_log
[2m[WebServer] [22m[WS] request_log
[2m[WebServer] [22m[WS] request_log
[2m[WebServer] [22m[WS] request_log
[2m[WebServer] [22m[Server] diagnostic_log
[2m[WebServer] [22m[Server] diagnostic_log
[2m[WebServer] [22m[Server] diagnostic_log
[2m[WebServer] [22m[WS] request_log
[2m[WebServer] [22m[WS] request_log
[2m[WebServer] [22m[WS] request_log
[2m[WebServer] [22m[WS] request_log
[2m[WebServer] [22m[WS] request_log
[2m[WebServer] [22m[WS] request_log
[2m[WebServer] [22m[WS] request_log
[2m[WebServer] [22m[WS] request_log
[2m[WebServer] [22m[WS] request_log
[2m[WebServer] [22m[WS] request_log
[2m[WebServer] [22m[WS] request_log
[2m[WebServer] [22m[WS] request_log
[2m[WebServer] [22m[WS] request_log
[2m[WebServer] [22m[WS] request_log
[2m[WebServer] [22m[WS] request_log
[2m[WebServer] [22m[WS] request_log
[2m[WebServer] [22m[WS] request_log
[2m[WebServer] [22m[WS] request_log
[2m[WebServer] [22m[WS] request_log
[2m[WebServer] [22m[WS] request_log
[2m[WebServer] [22m[WS] request_log
[2m[WebServer] [22m[WS] request_log
[2m[WebServer] [22m[WS] request_log
[2m[WebServer] [22m[WS] request_log
[2m[WebServer] [22m[WS] request_log
[2m[WebServer] [22m[WS] request_log
[2m[WebServer] [22m[WS] request_log
[2m[WebServer] [22m[WS] request_log
[2m[WebServer] [22m[WS] request_log
[2m[WebServer] [22m[WS] request_log
[2m[WebServer] [22m[WS] request_log
[2m[WebServer] [22m[WS] request_log
[2m[WebServer] [22m[WS] request_log
[2m[WebServer] [22m[WS] request_log
[2m[WebServer] [22m[WS] request_log
[2m[WebServer] [22m[WS] request_log
[2m[WebServer] [22m[WS] request_log
[2m[WebServer] [22m[WS] request_log
[2m[WebServer] [22m[WS] request_log
[2m[WebServer] [22m[WS] request_log
[2m[WebServer] [22m[WS] request_log
[2m[WebServer] [22m[WS] request_log
[2m[WebServer] [22m[WS] request_log
[2m[WebServer] [22m[WS] request_log
[2m[WebServer] [22m[WS] request_log
[2m[WebServer] [22m[WS] request_log
[2m[WebServer] [22m[WS] request_log
[2m[WebServer] [22m[WS] request_log
[2m[WebServer] [22m[WS] request_log
[2m[WebServer] [22m[WS] request_log
[2m[WebServer] [22m[WS] request_log
[2m[WebServer] [22m[WS] request_log
[2m[WebServer] [22m[WS] request_log
[2m[WebServer] [22m[WS] request_log
[2m[WebServer] [22m[WS] request_log
[2m[WebServer] [22m[WS] request_log
[2m[WebServer] [22m[WS] request_log
[2m[WebServer] [22m[WS] request_log
[2m[WebServer] [22m[WS] request_log
[2m[WebServer] [22m[WS] request_log
[2m[WebServer] [22m[WS] request_log
[2m[WebServer] [22m[WS] request_log
[2m[WebServer] [22m[WS] request_log
[2m[WebServer] [22m[WS] request_log
[2m[WebServer] [22m[WS] request_log
[2m[WebServer] [22m[WS] request_log
[2m[WebServer] [22m[WS] request_log
[2m[WebServer] [22m[WS] request_log
[2m[WebServer] [22m[WS] request_log
[2m[WebServer] [22m[WS] request_log
[2m[WebServer] [22m[WS] request_log
[2m[WebServer] [22m[WS] request_log
[2m[WebServer] [22m[WS] request_log
[2m[WebServer] [22m[WS] request_log
[2m[WebServer] [22m[WS] request_log
[2m[WebServer] [22m[WS] request_log
[2m[WebServer] [22m[WS] request_log
[2m[WebServer] [22m[WS] request_log
[2m[WebServer] [22m[WS] request_log
[2m[WebServer] [22m[WS] request_log
[2m[WebServer] [22m[WS] request_log
[2m[WebServer] [22m[WS] request_log
[2m[WebServer] [22m[WS] request_log
[2m[WebServer] [22m[WS] request_log
[2m[WebServer] [22m[WS] request_log
[2m[WebServer] [22m[WS] request_log
[2m[WebServer] [22m[WS] request_log
[2m[WebServer] [22m[WS] request_log
[2m[WebServer] [22m[WS] request_log
[2m[WebServer] [22m[WS] request_log
[2m[WebServer] [22m[WS] request_log
[2m[WebServer] [22m[WS] request_log
[2m[WebServer] [22m[WS] request_log
[2m[WebServer] [22m[WS] request_log
[2m[WebServer] [22m[WS] request_log
[2m[WebServer] [22m[WS] request_log
[2m[WebServer] [22m[WS] request_log
[2m[WebServer] [22m[WS] request_log
[2m[WebServer] [22m[WS] request_log
[2m[WebServer] [22m[WS] request_log
[2m[WebServer] [22m[WS] request_log
[2m[WebServer] [22m[WS] request_log
[2m[WebServer] [22m[WS] request_log
[2m[WebServer] [22m[WS] request_log
[2m[WebServer] [22m[WS] request_log
  ✓  1 e2e/provenance/file-viewer-live-resource.spec.ts:281:1 › ordinary File Viewer save projects, refetches narrowly, joins provenance, rejects stale/duplicate delivery, rehydrates, and preserves aliases (13.2s)
  -  2 e2e/provenance/file-viewer-live-resource.spec.ts:495:1 › post-write fact publication failure emits targeted recovery before the visible refetch
  ✓  3 e2e/provenance/file-viewer-live-resource.spec.ts:544:1 › production workspace bind module gates replies behind the bind frame and closes on overflow (72ms)

  1 skipped
  2 passed (15.2s)
[2m[WebServer] [22m[Server] diagnostic_log
[2m[WebServer] [22m[Server] diagnostic_error
[2m[WebServer] [22m[Server] diagnostic_log
[2m[WebServer] [22m[Server] diagnostic_log
[2m[WebServer] [22m[Server] diagnostic_log
[2m[WebServer] [22m[Server] diagnostic_log
[2m[WebServer] [22m[Server] diagnostic_log
[2m[WebServer] [22m[Server] diagnostic_log
[2m[WebServer] [22m[Server] diagnostic_log
[2m[WebServer] [22m[Server] diagnostic_log
[2m[WebServer] [22m[Server] diagnostic_log
[2m[WebServer] [22m[Server] diagnostic_log
[2m[WebServer] [22m[Server] diagnostic_log
[2m[WebServer] [22m[Server] diagnostic_log
[2m[WebServer] [22m[Server] diagnostic_log
[2m[WebServer] [22m[Server] diagnostic_log
[2m[WebServer] [22mSERVER_READY:52389
[2m[WebServer] [22m[Server] diagnostic_warning

Running 3 tests using 1 worker

(node:23443) Warning: The 'NO_COLOR' env is ignored due to the 'FORCE_COLOR' env being set.
(Use `node --trace-warnings ...` to show where the warning was created)
(node:23443) Warning: The 'NO_COLOR' env is ignored due to the 'FORCE_COLOR' env being set.
(Use `node --trace-warnings ...` to show where the warning was created)
  -  1 e2e/provenance/file-viewer-live-resource.spec.ts:281:1 › ordinary File Viewer save projects, refetches narrowly, joins provenance, rejects stale/duplicate delivery, rehydrates, and preserves aliases
[2m[WebServer] [22m[Server] diagnostic_log
[2m[WebServer] [22m[Server] diagnostic_log
[2m[WebServer] [22m[Server] diagnostic_log
[2m[WebServer] [22m[WS] request_log
[2m[WebServer] [22m[WS] request_log
[2m[WebServer] [22m[WS] request_log
[2m[WebServer] [22m[WS] request_log
[2m[WebServer] [22m[WS] request_log
[2m[WebServer] [22m[WS] request_log
[2m[WebServer] [22m[WS] request_log
[2m[WebServer] [22m[WS] request_log
[2m[WebServer] [22m[WS] request_log
[2m[WebServer] [22m[WS] request_log
[2m[WebServer] [22m[WS] request_log
[2m[WebServer] [22m[WS] request_log
[2m[WebServer] [22m[WS] request_log
[2m[WebServer] [22m[WS] request_log
[2m[WebServer] [22m[WS] request_log
[2m[WebServer] [22m[WS] request_log
[2m[WebServer] [22m[WS] request_log
[2m[WebServer] [22m[WS] request_log
[2m[WebServer] [22m[WS] request_log
[2m[WebServer] [22m[WS] request_log
[2m[WebServer] [22m[WS] request_log
[2m[WebServer] [22m[WS] request_log
[2m[WebServer] [22m[WS] request_log
[2m[WebServer] [22m[WS] request_log
[2m[WebServer] [22m[WS] request_log
[2m[WebServer] [22m[WS] request_log
[2m[WebServer] [22m[WS] request_log
[2m[WebServer] [22m[WS] request_log
[2m[WebServer] [22m[WS] request_log
[2m[WebServer] [22m[WS] request_log
[2m[WebServer] [22m[WS] request_log
[2m[WebServer] [22m[WS] request_log
[2m[WebServer] [22m[WS] request_log
[2m[WebServer] [22m[WS] request_log
[2m[WebServer] [22m[WS] request_log
[2m[WebServer] [22m[WS] request_log
[2m[WebServer] [22m[WS] request_log
[2m[WebServer] [22m[WS] request_log
[2m[WebServer] [22m[WS] request_log
[2m[WebServer] [22m[WS] request_log
[2m[WebServer] [22m[WS] request_log
[2m[WebServer] [22m[WS] request_log
[2m[WebServer] [22m[WS] request_log
[2m[WebServer] [22m[WS] request_log
[2m[WebServer] [22m[WS] request_log
[2m[WebServer] [22m[WS] request_log
[2m[WebServer] [22m[WS] request_log
[2m[WebServer] [22m[WS] request_log
[2m[WebServer] [22m[WS] request_log
[2m[WebServer] [22m[WS] request_log
[2m[WebServer] [22m[WS] request_log
[2m[WebServer] [22m[WS] request_log
[2m[WebServer] [22m[WS] request_log
[2m[WebServer] [22m[WS] request_log
[2m[WebServer] [22m[WS] request_log
[2m[WebServer] [22m[WS] request_log
[2m[WebServer] [22m[WS] request_log
[2m[WebServer] [22m[WS] request_log
[2m[WebServer] [22m[WS] request_log
[2m[WebServer] [22m[WS] request_log
[2m[WebServer] [22m[WS] request_log
[2m[WebServer] [22m[WS] request_log
[2m[WebServer] [22m[WS] request_log
[2m[WebServer] [22m[WS] request_log
[2m[WebServer] [22m[WS] request_log
[2m[WebServer] [22m[WS] request_log
[2m[WebServer] [22m[WS] request_log
[2m[WebServer] [22m[WS] request_log
[2m[WebServer] [22m[WS] request_log
[2m[WebServer] [22m[WS] request_log
[2m[WebServer] [22m[WS] request_log
[2m[WebServer] [22m[WS] request_log
[2m[WebServer] [22m[WS] request_log
[2m[WebServer] [22m[WS] request_log
[2m[WebServer] [22m[WS] request_log
[2m[WebServer] [22m[WS] request_log
[2m[WebServer] [22m[WS] request_log
[2m[WebServer] [22m[WS] request_log
[2m[WebServer] [22m[WS] request_log
[2m[WebServer] [22m[WS] request_log
[2m[WebServer] [22m[WS] request_log
[2m[WebServer] [22m[WS] request_log
[2m[WebServer] [22m[WS] request_log
[2m[WebServer] [22m[WS] request_log
[2m[WebServer] [22m[WS] request_log
[2m[WebServer] [22m[WS] request_log
[2m[WebServer] [22m[WS] request_log
[2m[WebServer] [22m[WS] request_log
[2m[WebServer] [22m[WS] request_log
[2m[WebServer] [22m[WS] request_log
[2m[WebServer] [22m[WS] request_log
[2m[WebServer] [22m[WS] request_log
[2m[WebServer] [22m[WS] request_log
[2m[WebServer] [22m[Server] diagnostic_log
[2m[WebServer] [22m[Server] diagnostic_log
[2m[WebServer] [22m[Server] diagnostic_log
[2m[WebServer] [22m[WS] request_log
[2m[WebServer] [22m[WS] request_log
[2m[WebServer] [22m[WS] request_warning
[2m[WebServer] [22m[WS] request_log
[2m[WebServer] [22m[WS] request_log
[2m[WebServer] [22m[WS] request_log
[2m[WebServer] [22m[WS] request_log
[2m[WebServer] [22m[WS] request_log
[2m[WebServer] [22m[WS] request_log
[2m[WebServer] [22m[WS] request_log
[2m[WebServer] [22m[WS] request_log
[2m[WebServer] [22m[WS] request_log
[2m[WebServer] [22m[WS] request_log
  ✓  2 e2e/provenance/file-viewer-live-resource.spec.ts:495:1 › post-write fact publication failure emits targeted recovery before the visible refetch (3.4s)
  -  3 e2e/provenance/file-viewer-live-resource.spec.ts:544:1 › production workspace bind module gates replies behind the bind frame and closes on overflow

  2 skipped
  1 passed (5.1s)
{
  "status": "FILE_VIEWER_LIVE_PROVENANCE_OK",
  "scenarios": [
    {
      "scenario": "normal",
      "port": 52375
    },
    {
      "scenario": "fact-publish-failure",
      "port": 52389
    }
  ],
  "uniqueNonDevelopmentPorts": true,
  "protectedDeveloperStateUnchanged": true,
  "cleanup": "owned-marker-verified",
  "evidenceRoot": "/private/var/folders/ng/s9jvcvqs3sq9crldjc_5cvjh0000gn/T/fusion-provenance-evidence-nrBthZ"
}
