p48636
fcwd
n/
ftxt
n/Applications/Fusion Studio Alpha.app/Contents/MacOS/Fusion Studio
ftxt
n/Applications/Fusion Studio Alpha.app/Contents/Frameworks/Squirrel.framework/Versions/A/Squirrel
ftxt
n/Applications/Fusion Studio Alpha.app/Contents/Frameworks/Mantle.framework/Versions/A/Mantle
ftxt
n/Library/Preferences/Logging/.plist-cache.E4ASMnfG
ftxt
n/Applications/Fusion Studio Alpha.app/Contents/Frameworks/ReactiveObjC.framework/Versions/A/ReactiveObjC
ftxt
n/Applications/Fusion Studio Alpha.app/Contents/Frameworks/Electron Framework.framework/Versions/A/Resources/v8_context_snapshot.arm64.bin
ftxt
n/private/var/db/analyticsd/events.allowlist
ftxt
n/usr/lib/dyld
ftxt
n/System/Library/CoreServices/SystemVersion.bundle/English.lproj/SystemVersion.strings
ftxt
n/private/var/db/timezone/tz/2026c.1.0/icutz/icutz44l.dat
ftxt
n/System/Library/CoreServices/SystemAppearance.bundle/Contents/Resources/SystemAppearance.car
ftxt
n/System/Library/CoreServices/SystemAppearance.bundle/Contents/Resources/FauxVibrantDark.car
ftxt
n/System/Library/Frameworks/AppKit.framework/Versions/C/Resources/Common.loctable
ftxt
n/usr/lib/libobjc-trampolines.dylib
ftxt
n/Applications/Fusion Studio Alpha.app/Contents/Frameworks/Electron Framework.framework/Versions/A/Libraries/libffmpeg.dylib
ftxt
n/Applications/Fusion Studio Alpha.app/Contents/Frameworks/Electron Framework.framework/Versions/A/Resources/chrome_100_percent.pak
ftxt
n/Applications/Fusion Studio Alpha.app/Contents/Frameworks/Electron Framework.framework/Versions/A/Resources/chrome_200_percent.pak
ftxt
n/Applications/Fusion Studio Alpha.app/Contents/Frameworks/Electron Framework.framework/Versions/A/Resources/en.lproj/locale.pak
ftxt
n/private/var/db/mds/messages/501/se_SecurityMessages
ftxt
n/System/Library/Frameworks/AppKit.framework/Versions/C/Resources/InputManager.loctable
ftxt
n/System/Library/Frameworks/AppKit.framework/Versions/C/Resources/MenuCommands.loctable
ftxt
n/System/Library/Keyboard Layouts/AppleKeyboardLayouts.bundle/Contents/Resources/AppleKeyboardLayouts-L.dat
ftxt
n/System/Library/Caches/com.apple.IntlDataCache.le.kbdx
ftxt
n/System/Library/Keyboard Layouts/AppleKeyboardLayouts.bundle/Contents/Resources/InfoPlist.loctable
ftxt
n/System/Library/Frameworks/AppKit.framework/Versions/C/Resources/DictationManager.loctable
ftxt
n/System/Library/Frameworks/AppKit.framework/Versions/C/Resources/WritingTools.loctable
ftxt
n/Users/rccurtrightjr./Library/Application Support/Fusion Studio Alpha/DIPS
ftxt
n/Users/rccurtrightjr./Library/Application Support/Fusion Studio Alpha/GPUCache/data_0
ftxt
n/Users/rccurtrightjr./Library/Application Support/Fusion Studio Alpha/GPUCache/data_1
ftxt
n/Users/rccurtrightjr./Library/Application Support/Fusion Studio Alpha/GPUCache/data_2
ftxt
n/Users/rccurtrightjr./Library/Application Support/Fusion Studio Alpha/GPUCache/data_3
ftxt
n/Users/rccurtrightjr./Library/Application Support/Fusion Studio Alpha/DawnWebGPUCache/data_0
ftxt
n/Users/rccurtrightjr./Library/Application Support/Fusion Studio Alpha/DawnWebGPUCache/data_1
ftxt
n/Users/rccurtrightjr./Library/Application Support/Fusion Studio Alpha/DawnWebGPUCache/data_2
ftxt
n/Users/rccurtrightjr./Library/Application Support/Fusion Studio Alpha/DawnWebGPUCache/data_3
ftxt
n/Users/rccurtrightjr./Library/Application Support/Fusion Studio Alpha/DawnGraphiteCache/data_0
ftxt
n/Users/rccurtrightjr./Library/Application Support/Fusion Studio Alpha/DawnGraphiteCache/data_1
ftxt
n/Users/rccurtrightjr./Library/Application Support/Fusion Studio Alpha/DawnGraphiteCache/data_2
ftxt
n/Users/rccurtrightjr./Library/Application Support/Fusion Studio Alpha/DawnGraphiteCache/data_3
ftxt
n/usr/share/icu/icudt76l.dat
ftxt
n/Applications/Fusion Studio Alpha.app/Contents/Frameworks/Electron Framework.framework/Versions/A/Resources/icudtl.dat
ftxt
n/System/Library/Frameworks/AppKit.framework/Versions/C/Resources/Menus.loctable
ftxt
n/System/Library/PrivateFrameworks/CoreNLP.framework/Versions/A/Resources/tokruleLE.data
ftxt
n/System/Library/PrivateFrameworks/DataDetectorsCore.framework/Versions/A/Resources/com.apple.datadetectorscore.cache.urlifier.system
ftxt
n/System/Library/CoreServices/SystemAppearance.bundle/Contents/Resources/DarkAqua.car
ftxt
n/System/Library/CoreServices/SystemAppearance.bundle/Contents/Resources/VibrantDark.car
ftxt
n/Applications/Fusion Studio Alpha.app/Contents/Frameworks/Electron Framework.framework/Versions/A/Resources/resources.pak
ftxt
n/Users/rccurtrightjr./Library/Application Support/Fusion Studio Alpha/GPUCache/index
ftxt
n/Users/rccurtrightjr./Library/Application Support/Fusion Studio Alpha/DawnWebGPUCache/index
ftxt
n/Users/rccurtrightjr./Library/Application Support/Fusion Studio Alpha/DawnGraphiteCache/index
ftxt
n/System/Library/Fonts/Helvetica.ttc
ftxt
n/Applications/Fusion Studio Alpha.app/Contents/Frameworks/Electron Framework.framework/Versions/A/Electron Framework
ftxt
n/System/Library/CoreServices/SystemAppearance.bundle/Contents/Resources/Aqua.car
ftxt
n/System/Library/Fonts/SFNS.ttf
ftxt
n/System/Library/Extensions/AGXMetalG16G_B0.bundle/Contents/Resources/ds.g16g
ftxt
n/System/Library/Extensions/AGXMetalG16G_B0.bundle/Contents/MacOS/AGXMetalG16G_B0
ftxt
n/System/Library/PrivateFrameworks/SFSymbols.framework/Versions/A/Resources/CoreGlyphsPrivate.bundle/Contents/Resources/Assets.car
ftxt
n/usr/share/langid/langid.inv
ftxt
n/System/Library/PrivateFrameworks/SFSymbols.framework/Versions/A/Resources/CoreGlyphs.bundle/Contents/Resources/Assets.car
