p31138
fcwd
n/private/tmp/mc-s6-commit-supervisor-20261004/candidate/fusion-studio-client
ftxt
n/private/tmp/mc-s6-commit-supervisor-20261004/candidate/fusion-studio-client/node_modules/electron/dist/Electron.app/Contents/Frameworks/Electron Helper (Renderer).app/Contents/MacOS/Electron Helper (Renderer)
ftxt
n/private/tmp/mc-s6-commit-supervisor-20261004/candidate/fusion-studio-client/node_modules/electron/dist/Electron.app/Contents/Frameworks/Squirrel.framework/Versions/A/Squirrel
ftxt
n/private/tmp/mc-s6-commit-supervisor-20261004/candidate/fusion-studio-client/node_modules/electron/dist/Electron.app/Contents/Frameworks/Mantle.framework/Versions/A/Mantle
ftxt
n/private/tmp/mc-s6-commit-supervisor-20261004/candidate/fusion-studio-client/node_modules/electron/dist/Electron.app/Contents/Frameworks/ReactiveObjC.framework/Versions/A/ReactiveObjC
ftxt
n/private/tmp/mc-s6-commit-supervisor-20261004/candidate/fusion-studio-client/node_modules/electron/dist/Electron.app/Contents/Frameworks/Electron Framework.framework/Versions/A/Resources/v8_context_snapshot.arm64.bin
ftxt
n/private/tmp/mc-s6-commit-supervisor-20261004/candidate/fusion-studio-client/node_modules/electron/dist/Electron.app/Contents/Frameworks/Electron Framework.framework/Versions/A/Resources/chrome_100_percent.pak
ftxt
n/private/tmp/mc-s6-commit-supervisor-20261004/candidate/fusion-studio-client/node_modules/electron/dist/Electron.app/Contents/Frameworks/Electron Framework.framework/Versions/A/Resources/chrome_200_percent.pak
ftxt
n/private/tmp/mc-s6-commit-supervisor-20261004/candidate/fusion-studio-client/node_modules/electron/dist/Electron.app/Contents/Frameworks/Electron Framework.framework/Versions/A/Resources/en.lproj/locale.pak
ftxt
n/usr/lib/dyld
ftxt
n/private/tmp/mc-s6-commit-supervisor-20261004/candidate/fusion-studio-client/node_modules/electron/dist/Electron.app/Contents/Frameworks/Electron Framework.framework/Versions/A/Libraries/libffmpeg.dylib
ftxt
n/usr/share/icu/icudt76l.dat
ftxt
n/private/tmp/mc-s6-commit-supervisor-20261004/candidate/fusion-studio-client/node_modules/electron/dist/Electron.app/Contents/Frameworks/Electron Framework.framework/Versions/A/Resources/icudtl.dat
ftxt
n/private/tmp/mc-s6-commit-supervisor-20261004/candidate/fusion-studio-client/node_modules/electron/dist/Electron.app/Contents/Frameworks/Electron Framework.framework/Versions/A/Resources/resources.pak
ftxt
n/System/Library/Fonts/SFNS.ttf
ftxt
n/private/tmp/mc-s6-commit-supervisor-20261004/candidate/fusion-studio-client/node_modules/electron/dist/Electron.app/Contents/Frameworks/Electron Framework.framework/Versions/A/Electron Framework
