p57145
fcwd
n/
ftxt
n/Applications/Fusion Studio Alpha.app/Contents/Frameworks/Fusion Studio Helper (Renderer).app/Contents/MacOS/Fusion Studio Helper (Renderer)
ftxt
n/Applications/Fusion Studio Alpha.app/Contents/Frameworks/Squirrel.framework/Versions/A/Squirrel
ftxt
n/Applications/Fusion Studio Alpha.app/Contents/Frameworks/Mantle.framework/Versions/A/Mantle
ftxt
n/Applications/Fusion Studio Alpha.app/Contents/Frameworks/ReactiveObjC.framework/Versions/A/ReactiveObjC
ftxt
n/Applications/Fusion Studio Alpha.app/Contents/Frameworks/Electron Framework.framework/Versions/A/Resources/chrome_100_percent.pak
ftxt
n/Applications/Fusion Studio Alpha.app/Contents/Frameworks/Electron Framework.framework/Versions/A/Resources/chrome_200_percent.pak
ftxt
n/usr/lib/dyld
ftxt
n/Applications/Fusion Studio Alpha.app/Contents/Frameworks/Electron Framework.framework/Versions/A/Resources/v8_context_snapshot.arm64.bin
ftxt
n/Applications/Fusion Studio Alpha.app/Contents/Frameworks/Electron Framework.framework/Versions/A/Resources/en.lproj/locale.pak
ftxt
n/Applications/Fusion Studio Alpha.app/Contents/Frameworks/Electron Framework.framework/Versions/A/Libraries/libffmpeg.dylib
ftxt
n/usr/share/icu/icudt76l.dat
ftxt
n/Applications/Fusion Studio Alpha.app/Contents/Frameworks/Electron Framework.framework/Versions/A/Resources/icudtl.dat
ftxt
n/Applications/Fusion Studio Alpha.app/Contents/Frameworks/Electron Framework.framework/Versions/A/Resources/resources.pak
ftxt
n/Applications/Fusion Studio Alpha.app/Contents/Frameworks/Electron Framework.framework/Versions/A/Electron Framework
ftxt
n/System/Library/Fonts/SFNS.ttf
