p77007
fcwd
n/
ftxt
n/opt/homebrew/Cellar/node/25.6.1/bin/node
ftxt
n/opt/homebrew/Cellar/llhttp/9.3.1/lib/libllhttp.9.3.1.dylib
ftxt
n/opt/homebrew/Cellar/brotli/1.2.0/lib/libbrotlidec.1.2.0.dylib
ftxt
n/opt/homebrew/Cellar/hdrhistogram_c/0.11.9/lib/libhdr_histogram.6.2.3.dylib
ftxt
n/opt/homebrew/Cellar/libuv/1.52.0/lib/libuv.1.0.0.dylib
ftxt
n/opt/homebrew/Cellar/simdjson/4.2.4/lib/libsimdjson.29.0.0.dylib
ftxt
n/opt/homebrew/Cellar/uvwasi/0.0.23/lib/libuvwasi.dylib
ftxt
n/opt/homebrew/Cellar/libnghttp2/1.68.1/lib/libnghttp2.14.dylib
ftxt
n/opt/homebrew/Cellar/ada-url/3.4.2/lib/libada.3.4.2.dylib
ftxt
n/opt/homebrew/Cellar/c-ares/1.34.6/lib/libcares.2.19.5.dylib
ftxt
n/opt/homebrew/Cellar/libnghttp3/1.15.0/lib/libnghttp3.9.6.1.dylib
ftxt
n/opt/homebrew/Cellar/brotli/1.2.0/lib/libbrotlienc.1.2.0.dylib
ftxt
n/opt/homebrew/Cellar/brotli/1.2.0/lib/libbrotlicommon.1.2.0.dylib
ftxt
n/Users/rccurtrightjr./projects/fs-dev/fusion-studio-server/native/secure-file-observer/build/Release/secure_file_observer.node
ftxt
n/opt/homebrew/Cellar/libngtcp2/1.20.0/lib/libngtcp2.16.dylib
ftxt
n/usr/lib/dyld
ftxt
n/opt/homebrew/Cellar/zstd/1.5.7_1/lib/libzstd.1.5.7.dylib
ftxt
n/opt/homebrew/Cellar/sqlite/3.51.2_1/lib/libsqlite3.3.51.2.dylib
ftxt
n/opt/homebrew/Cellar/openssl@3/3.6.1/lib/libssl.3.dylib
ftxt
n/opt/homebrew/Cellar/icu4c@78/78.3/lib/libicuuc.78.3.dylib
ftxt
n/opt/homebrew/Cellar/openssl@3/3.6.1/lib/libcrypto.3.dylib
ftxt
n/opt/homebrew/Cellar/icu4c@78/78.3/lib/libicui18n.78.3.dylib
ftxt
n/Users/rccurtrightjr./projects/fs-dev/fusion-studio-server/node_modules/better-sqlite3/build/Release/better_sqlite3.node
ftxt
n/opt/homebrew/Cellar/node/25.6.1/lib/libnode.141.dylib
ftxt
n/opt/homebrew/Cellar/icu4c@78/78.3/lib/libicudata.78.3.dylib
