p77006
fcwd
n/
ftxt
n/Users/rccurtrightjr./projects/fs-dev/fusion-studio-client/node_modules/electron/dist/Electron.app/Contents/Frameworks/Electron Helper.app/Contents/MacOS/Electron Helper
ftxt
n/Users/rccurtrightjr./projects/fs-dev/fusion-studio-client/node_modules/electron/dist/Electron.app/Contents/Frameworks/Squirrel.framework/Versions/A/Squirrel
ftxt
n/Users/rccurtrightjr./projects/fs-dev/fusion-studio-client/node_modules/electron/dist/Electron.app/Contents/Frameworks/Mantle.framework/Versions/A/Mantle
ftxt
n/Users/rccurtrightjr./projects/fs-dev/fusion-studio-client/node_modules/electron/dist/Electron.app/Contents/Frameworks/ReactiveObjC.framework/Versions/A/ReactiveObjC
ftxt
n/Users/rccurtrightjr./projects/fs-dev/fusion-studio-client/node_modules/electron/dist/Electron.app/Contents/Frameworks/Electron Framework.framework/Versions/A/Resources/v8_context_snapshot.arm64.bin
ftxt
n/Users/rccurtrightjr./projects/fs-dev/fusion-studio-client/node_modules/electron/dist/Electron.app/Contents/Frameworks/Electron Framework.framework/Versions/A/Resources/chrome_100_percent.pak
ftxt
n/Users/rccurtrightjr./projects/fs-dev/fusion-studio-client/node_modules/electron/dist/Electron.app/Contents/Frameworks/Electron Framework.framework/Versions/A/Resources/chrome_200_percent.pak
ftxt
n/Users/rccurtrightjr./Library/Application Support/Fusion Studio/Trust Tokens
ftxt
n/Users/rccurtrightjr./Library/Application Support/Fusion Studio/Shared Dictionary/db
ftxt
n/usr/lib/dyld
ftxt
n/Users/rccurtrightjr./projects/fs-dev/fusion-studio-client/node_modules/electron/dist/Electron.app/Contents/Frameworks/Electron Framework.framework/Versions/A/Resources/en.lproj/locale.pak
ftxt
n/Users/rccurtrightjr./Library/Application Support/Fusion Studio/Cookies
ftxt
n/Users/rccurtrightjr./projects/fs-dev/fusion-studio-client/node_modules/electron/dist/Electron.app/Contents/Frameworks/Electron Framework.framework/Versions/A/Libraries/libffmpeg.dylib
ftxt
n/Users/rccurtrightjr./projects/fs-dev/fusion-studio-client/node_modules/electron/dist/Electron.app/Contents/Frameworks/Electron Framework.framework/Versions/A/Resources/resources.pak
ftxt
n/usr/share/icu/icudt76l.dat
ftxt
n/Users/rccurtrightjr./projects/fs-dev/fusion-studio-client/node_modules/electron/dist/Electron.app/Contents/Frameworks/Electron Framework.framework/Versions/A/Resources/icudtl.dat
ftxt
n/Users/rccurtrightjr./projects/fs-dev/fusion-studio-client/node_modules/electron/dist/Electron.app/Contents/Frameworks/Electron Framework.framework/Versions/A/Electron Framework
