p48649
fcwd
n/
ftxt
n/Applications/Fusion Studio Alpha.app/Contents/Frameworks/Fusion Studio Helper.app/Contents/MacOS/Fusion Studio Helper
ftxt
n/Applications/Fusion Studio Alpha.app/Contents/Frameworks/Squirrel.framework/Versions/A/Squirrel
ftxt
n/Applications/Fusion Studio Alpha.app/Contents/Frameworks/Mantle.framework/Versions/A/Mantle
ftxt
n/Applications/Fusion Studio Alpha.app/Contents/Frameworks/ReactiveObjC.framework/Versions/A/ReactiveObjC
ftxt
n/Applications/Fusion Studio Alpha.app/Contents/Frameworks/Electron Framework.framework/Versions/A/Resources/chrome_100_percent.pak
ftxt
n/System/Library/CoreServices/SystemVersion.bundle/English.lproj/SystemVersion.strings
ftxt
n/usr/lib/dyld
ftxt
n/Applications/Fusion Studio Alpha.app/Contents/Frameworks/Electron Framework.framework/Versions/A/Resources/chrome_200_percent.pak
ftxt
n/Applications/Fusion Studio Alpha.app/Contents/Frameworks/Electron Framework.framework/Versions/A/Resources/en.lproj/locale.pak
ftxt
n/Applications/Fusion Studio Alpha.app/Contents/Frameworks/Electron Framework.framework/Versions/A/Libraries/libEGL.dylib
ftxt
n/Applications/Fusion Studio Alpha.app/Contents/Frameworks/Electron Framework.framework/Versions/A/Libraries/libffmpeg.dylib
ftxt
n/private/var/folders/ng/s9jvcvqs3sq9crldjc_5cvjh0000gn/C/com.fusionstudio.app.helper/com.apple.metal/16777235_403/functions.data
ftxt
n/usr/share/icu/icudt76l.dat
ftxt
n/Applications/Fusion Studio Alpha.app/Contents/Frameworks/Electron Framework.framework/Versions/A/Resources/icudtl.dat
ftxt
n/Applications/Fusion Studio Alpha.app/Contents/Frameworks/Electron Framework.framework/Versions/A/Resources/resources.pak
ftxt
n/private/var/folders/ng/s9jvcvqs3sq9crldjc_5cvjh0000gn/C/com.fusionstudio.app.helper/com.apple.metal/32024/libraries.data
ftxt
n/Applications/Fusion Studio Alpha.app/Contents/Frameworks/Electron Framework.framework/Versions/A/Libraries/libGLESv2.dylib
ftxt
n/Applications/Fusion Studio Alpha.app/Contents/Frameworks/Electron Framework.framework/Versions/A/Electron Framework
ftxt
n/System/Library/Extensions/AGXMetalG16G_B0.bundle/Contents/Resources/ds.g16g
ftxt
n/System/Library/Video/Plug-Ins/VCPHEVC.bundle/Contents/Resources/InfoPlist.loctable
ftxt
n/System/Library/Extensions/AGXMetalG16G_B0.bundle/Contents/MacOS/AGXMetalG16G_B0
